Archive member included because of file (symbol)

c:/winavr/bin/../lib/gcc/avr/4.3.3/avr5\libgcc.a(_udivmodqi4.o)
                              main.o (__udivmodqi4)
c:/winavr/bin/../lib/gcc/avr/4.3.3/avr5\libgcc.a(_udivmodhi4.o)
                              HT1621.o (__udivmodhi4)
c:/winavr/bin/../lib/gcc/avr/4.3.3/avr5\libgcc.a(_exit.o)
                              c:/winavr/bin/../lib/gcc/avr/4.3.3/../../../../avr/lib/avr5/crtm32.o (exit)
c:/winavr/bin/../lib/gcc/avr/4.3.3/avr5\libgcc.a(_copy_data.o)
                              indication.o (__do_copy_data)
c:/winavr/bin/../lib/gcc/avr/4.3.3/avr5\libgcc.a(_clear_bss.o)
                              main.o (__do_clear_bss)

Allocating common symbols
Common symbol       size              file

OutBuf              0x8               main.o
adcB                0x2               indication.o
IO                  0x86              main.o
midiMessage         0x3               main.o
adcA                0x2               indication.o
cbOut               0x69              main.o
adcX                0x2               indication.o
adcC                0x2               indication.o
cbIn                0x69              main.o

Memory Configuration

Name             Origin             Length             Attributes
text             0x00000000         0x00020000         xr
data             0x00800060         0x0000ffa0         rw !x
eeprom           0x00810000         0x00010000         rw !x
fuse             0x00820000         0x00000400         rw !x
lock             0x00830000         0x00000400         rw !x
signature        0x00840000         0x00000400         rw !x
*default*        0x00000000         0xffffffff

Linker script and memory map

LOAD c:/winavr/bin/../lib/gcc/avr/4.3.3/../../../../avr/lib/avr5/crtm32.o
LOAD main.o
LOAD indication.o
LOAD HT1621.o
LOAD process.o
LOAD c:/winavr/bin/../lib/gcc/avr/4.3.3/avr5\libgcc.a
LOAD c:/winavr/bin/../lib/gcc/avr/4.3.3/../../../../avr/lib/avr5\libc.a
LOAD c:/winavr/bin/../lib/gcc/avr/4.3.3/avr5\libgcc.a

.hash
 *(.hash)

.dynsym
 *(.dynsym)

.dynstr
 *(.dynstr)

.gnu.version
 *(.gnu.version)

.gnu.version_d
 *(.gnu.version_d)

.gnu.version_r
 *(.gnu.version_r)

.rel.init
 *(.rel.init)

.rela.init
 *(.rela.init)

.rel.text
 *(.rel.text)
 *(.rel.text.*)
 *(.rel.gnu.linkonce.t*)

.rela.text
 *(.rela.text)
 *(.rela.text.*)
 *(.rela.gnu.linkonce.t*)

.rel.fini
 *(.rel.fini)

.rela.fini
 *(.rela.fini)

.rel.rodata
 *(.rel.rodata)
 *(.rel.rodata.*)
 *(.rel.gnu.linkonce.r*)

.rela.rodata
 *(.rela.rodata)
 *(.rela.rodata.*)
 *(.rela.gnu.linkonce.r*)

.rel.data
 *(.rel.data)
 *(.rel.data.*)
 *(.rel.gnu.linkonce.d*)

.rela.data
 *(.rela.data)
 *(.rela.data.*)
 *(.rela.gnu.linkonce.d*)

.rel.ctors
 *(.rel.ctors)

.rela.ctors
 *(.rela.ctors)

.rel.dtors
 *(.rel.dtors)

.rela.dtors
 *(.rela.dtors)

.rel.got
 *(.rel.got)

.rela.got
 *(.rela.got)

.rel.bss
 *(.rel.bss)

.rela.bss
 *(.rela.bss)

.rel.plt
 *(.rel.plt)

.rela.plt
 *(.rela.plt)

.text           0x00000000     0x1e22
 *(.vectors)
 .vectors       0x00000000       0x54 c:/winavr/bin/../lib/gcc/avr/4.3.3/../../../../avr/lib/avr5/crtm32.o
                0x00000000                __vectors
                0x00000000                __vector_default
 *(.vectors)
 *(.progmem.gcc*)
 *(.progmem*)
 .progmem.data  0x00000054       0x8b main.o
                0x00000054                BL
                0x000000b4                display
                0x000000ca                RGBmass
 .progmem.data  0x000000df      0x12e process.o
                0x00000193                encA
                0x0000019d                barMass
                0x00000198                encD
                0x000001c4                displayMass
                0x000001a6                levelbarMass
                0x000000df                buttonsA
                0x0000012f                buttonsD
                0x00000189                encMassD
                0x000001db                faderMass
                0x0000017f                encMassA
                0x0000020e                . = ALIGN (0x2)
 *fill*         0x0000020d        0x1 00
                0x0000020e                __trampolines_start = .
 *(.trampolines)
 .trampolines   0x0000020e        0x0 linker stubs
 *(.trampolines*)
                0x0000020e                __trampolines_end = .
 *(.jumptables)
 *(.jumptables*)
 *(.lowtext)
 *(.lowtext*)
                0x0000020e                __ctors_start = .
 *(.ctors)
                0x0000020e                __ctors_end = .
                0x0000020e                __dtors_start = .
 *(.dtors)
                0x0000020e                __dtors_end = .
 SORT(*)(.ctors)
 SORT(*)(.dtors)
 *(.init0)
 .init0         0x0000020e        0x0 c:/winavr/bin/../lib/gcc/avr/4.3.3/../../../../avr/lib/avr5/crtm32.o
                0x0000020e                __init
 *(.init0)
 *(.init1)
 *(.init1)
 *(.init2)
 .init2         0x0000020e        0xc c:/winavr/bin/../lib/gcc/avr/4.3.3/../../../../avr/lib/avr5/crtm32.o
 *(.init2)
 *(.init3)
 *(.init3)
 *(.init4)
 .init4         0x0000021a       0x16 c:/winavr/bin/../lib/gcc/avr/4.3.3/avr5\libgcc.a(_copy_data.o)
                0x0000021a                __do_copy_data
 .init4         0x00000230       0x10 c:/winavr/bin/../lib/gcc/avr/4.3.3/avr5\libgcc.a(_clear_bss.o)
                0x00000230                __do_clear_bss
 *(.init4)
 *(.init5)
 *(.init5)
 *(.init6)
 *(.init6)
 *(.init7)
 *(.init7)
 *(.init8)
 *(.init8)
 *(.init9)
 .init9         0x00000240        0x8 c:/winavr/bin/../lib/gcc/avr/4.3.3/../../../../avr/lib/avr5/crtm32.o
 *(.init9)
 *(.text)
 .text          0x00000248        0x4 c:/winavr/bin/../lib/gcc/avr/4.3.3/../../../../avr/lib/avr5/crtm32.o
                0x00000248                __vector_1
                0x00000248                __vector_12
                0x00000248                __bad_interrupt
                0x00000248                __vector_6
                0x00000248                __vector_11
                0x00000248                __vector_17
                0x00000248                __vector_19
                0x00000248                __vector_7
                0x00000248                __vector_5
                0x00000248                __vector_4
                0x00000248                __vector_9
                0x00000248                __vector_15
                0x00000248                __vector_8
                0x00000248                __vector_18
                0x00000248                __vector_20
 .text          0x0000024c      0xb3a main.o
                0x0000024c                UARTProcessOut
                0x00000666                HardwareInit
                0x00000884                UARTProcessIn
                0x00000778                __vector_13
                0x000002be                MidiAddMsg
                0x00000be0                main
                0x00000828                __vector_14
 .text          0x00000d86      0x420 indication.o
                0x00000dee                SetIO
                0x00000d86                ResetIO
                0x00000e30                ProcessIO
                0x000010e6                __vector_16
 .text          0x000011a6      0x254 HT1621.o
                0x00001314                num3
                0x000012c6                WriteDigit_1621
                0x0000124a                Write_1621
                0x00001216                SendCmd
                0x00001294                Clear_1621
                0x000011a6                SendBit_1621
                0x000011de                SendDataBit_1621
                0x00001366                num5
 .text          0x000013fa      0x9e4 process.o
                0x0000143e                __vector_3
                0x000013fa                __vector_2
                0x00001d8e                SendFaders
                0x00001482                __vector_10
                0x000015b6                ProcessOutBuf
 .text          0x00001dde        0x0 c:/winavr/bin/../lib/gcc/avr/4.3.3/avr5\libgcc.a(_udivmodqi4.o)
 .text          0x00001dde        0x0 c:/winavr/bin/../lib/gcc/avr/4.3.3/avr5\libgcc.a(_udivmodhi4.o)
 .text          0x00001dde        0x0 c:/winavr/bin/../lib/gcc/avr/4.3.3/avr5\libgcc.a(_exit.o)
 .text          0x00001dde        0x0 c:/winavr/bin/../lib/gcc/avr/4.3.3/avr5\libgcc.a(_copy_data.o)
 .text          0x00001dde        0x0 c:/winavr/bin/../lib/gcc/avr/4.3.3/avr5\libgcc.a(_clear_bss.o)
                0x00001dde                . = ALIGN (0x2)
 *(.text.*)
 .text.libgcc   0x00001dde       0x18 c:/winavr/bin/../lib/gcc/avr/4.3.3/avr5\libgcc.a(_udivmodqi4.o)
                0x00001dde                __udivmodqi4
 .text.libgcc   0x00001df6       0x28 c:/winavr/bin/../lib/gcc/avr/4.3.3/avr5\libgcc.a(_udivmodhi4.o)
                0x00001df6                __udivmodhi4
 .text.libgcc   0x00001e1e        0x0 c:/winavr/bin/../lib/gcc/avr/4.3.3/avr5\libgcc.a(_exit.o)
 .text.libgcc   0x00001e1e        0x0 c:/winavr/bin/../lib/gcc/avr/4.3.3/avr5\libgcc.a(_copy_data.o)
 .text.libgcc   0x00001e1e        0x0 c:/winavr/bin/../lib/gcc/avr/4.3.3/avr5\libgcc.a(_clear_bss.o)
                0x00001e1e                . = ALIGN (0x2)
 *(.fini9)
 .fini9         0x00001e1e        0x0 c:/winavr/bin/../lib/gcc/avr/4.3.3/avr5\libgcc.a(_exit.o)
                0x00001e1e                exit
                0x00001e1e                _exit
 *(.fini9)
 *(.fini8)
 *(.fini8)
 *(.fini7)
 *(.fini7)
 *(.fini6)
 *(.fini6)
 *(.fini5)
 *(.fini5)
 *(.fini4)
 *(.fini4)
 *(.fini3)
 *(.fini3)
 *(.fini2)
 *(.fini2)
 *(.fini1)
 *(.fini1)
 *(.fini0)
 .fini0         0x00001e1e        0x4 c:/winavr/bin/../lib/gcc/avr/4.3.3/avr5\libgcc.a(_exit.o)
 *(.fini0)
                0x00001e22                _etext = .

.data           0x00800060        0xe load address 0x00001e22
                0x00800060                PROVIDE (__data_start, .)
 *(.data)
 .data          0x00800060        0x0 c:/winavr/bin/../lib/gcc/avr/4.3.3/../../../../avr/lib/avr5/crtm32.o
 .data          0x00800060        0x0 main.o
 .data          0x00800060        0x1 indication.o
                0x00800060                adcEnd
 .data          0x00800061        0xa HT1621.o
                0x00800061                digit
 .data          0x0080006b        0x2 process.o
 .data          0x0080006d        0x0 c:/winavr/bin/../lib/gcc/avr/4.3.3/avr5\libgcc.a(_udivmodqi4.o)
 .data          0x0080006d        0x0 c:/winavr/bin/../lib/gcc/avr/4.3.3/avr5\libgcc.a(_udivmodhi4.o)
 .data          0x0080006d        0x0 c:/winavr/bin/../lib/gcc/avr/4.3.3/avr5\libgcc.a(_exit.o)
 .data          0x0080006d        0x0 c:/winavr/bin/../lib/gcc/avr/4.3.3/avr5\libgcc.a(_copy_data.o)
 .data          0x0080006d        0x0 c:/winavr/bin/../lib/gcc/avr/4.3.3/avr5\libgcc.a(_clear_bss.o)
 *(.data*)
 *(.rodata)
 *(.rodata*)
 *(.gnu.linkonce.d*)
                0x0080006e                . = ALIGN (0x2)
 *fill*         0x0080006d        0x1 00
                0x0080006e                _edata = .
                0x0080006e                PROVIDE (__data_end, .)

.bss            0x0080006e      0x17d
                0x0080006e                PROVIDE (__bss_start, .)
 *(.bss)
 .bss           0x0080006e        0x0 c:/winavr/bin/../lib/gcc/avr/4.3.3/../../../../avr/lib/avr5/crtm32.o
 .bss           0x0080006e        0xd main.o
                0x00800070                cbInStart
                0x00800073                DDLeft
                0x0080006e                cbOutStart
                0x0080006f                cbOutEnd
                0x00800071                cbInEnd
                0x00800072                TxFlag
                0x00800074                DDRight
 .bss           0x0080007b        0x3 indication.o
                0x0080007b                cX
 .bss           0x0080007e        0x0 HT1621.o
 .bss           0x0080007e        0x2 process.o
                0x0080007e                jogCount
 .bss           0x00800080        0x0 c:/winavr/bin/../lib/gcc/avr/4.3.3/avr5\libgcc.a(_udivmodqi4.o)
 .bss           0x00800080        0x0 c:/winavr/bin/../lib/gcc/avr/4.3.3/avr5\libgcc.a(_udivmodhi4.o)
 .bss           0x00800080        0x0 c:/winavr/bin/../lib/gcc/avr/4.3.3/avr5\libgcc.a(_exit.o)
 .bss           0x00800080        0x0 c:/winavr/bin/../lib/gcc/avr/4.3.3/avr5\libgcc.a(_copy_data.o)
 .bss           0x00800080        0x0 c:/winavr/bin/../lib/gcc/avr/4.3.3/avr5\libgcc.a(_clear_bss.o)
 *(.bss*)
 *(COMMON)
 COMMON         0x00800080      0x163 main.o
                0x00800080                OutBuf
                0x00800088                IO
                0x0080010e                midiMessage
                0x00800111                cbOut
                0x0080017a                cbIn
 COMMON         0x008001e3        0x8 indication.o
                0x008001e3                adcB
                0x008001e5                adcA
                0x008001e7                adcX
                0x008001e9                adcC
                0x008001eb                PROVIDE (__bss_end, .)
                0x00001e22                __data_load_start = LOADADDR (.data)
                0x00001e30                __data_load_end = (__data_load_start + SIZEOF (.data))

.noinit         0x008001eb        0x0
                0x008001eb                PROVIDE (__noinit_start, .)
 *(.noinit*)
                0x008001eb                PROVIDE (__noinit_end, .)
                0x008001eb                _end = .
                0x008001eb                PROVIDE (__heap_start, .)

.eeprom         0x00810000        0x0
 *(.eeprom*)
                0x00810000                __eeprom_end = .

.fuse
 *(.fuse)
 *(.lfuse)
 *(.hfuse)
 *(.efuse)

.lock
 *(.lock*)

.signature
 *(.signature*)

.stab
 *(.stab)

.stabstr
 *(.stabstr)

.stab.excl
 *(.stab.excl)

.stab.exclstr
 *(.stab.exclstr)

.stab.index
 *(.stab.index)

.stab.indexstr
 *(.stab.indexstr)

.comment
 *(.comment)

.debug
 *(.debug)

.line
 *(.line)

.debug_srcinfo
 *(.debug_srcinfo)

.debug_sfnames
 *(.debug_sfnames)

.debug_aranges  0x00000000       0x80
 *(.debug_aranges)
 .debug_aranges
                0x00000000       0x20 main.o
 .debug_aranges
                0x00000020       0x20 indication.o
 .debug_aranges
                0x00000040       0x20 HT1621.o
 .debug_aranges
                0x00000060       0x20 process.o

.debug_pubnames
                0x00000000      0x329
 *(.debug_pubnames)
 .debug_pubnames
                0x00000000      0x12c main.o
 .debug_pubnames
                0x0000012c       0x7c indication.o
 .debug_pubnames
                0x000001a8       0x92 HT1621.o
 .debug_pubnames
                0x0000023a       0xef process.o

.debug_info     0x00000000     0x16c7
 *(.debug_info)
 .debug_info    0x00000000      0x7ad main.o
 .debug_info    0x000007ad      0x381 indication.o
 .debug_info    0x00000b2e      0x2b3 HT1621.o
 .debug_info    0x00000de1      0x8e6 process.o
 *(.gnu.linkonce.wi.*)

.debug_abbrev   0x00000000      0x5d2
 *(.debug_abbrev)
 .debug_abbrev  0x00000000      0x219 main.o
 .debug_abbrev  0x00000219      0x13a indication.o
 .debug_abbrev  0x00000353       0xe1 HT1621.o
 .debug_abbrev  0x00000434      0x19e process.o

.debug_line     0x00000000     0x12b4
 *(.debug_line)
 .debug_line    0x00000000      0x8c3 main.o
 .debug_line    0x000008c3      0x2b1 indication.o
 .debug_line    0x00000b74      0x295 HT1621.o
 .debug_line    0x00000e09      0x4ab process.o

.debug_frame    0x00000000      0x1c0
 *(.debug_frame)
 .debug_frame   0x00000000       0x80 main.o
 .debug_frame   0x00000080       0x50 indication.o
 .debug_frame   0x000000d0       0x90 HT1621.o
 .debug_frame   0x00000160       0x60 process.o

.debug_str      0x00000000      0x3c4
 *(.debug_str)
 .debug_str     0x00000000      0x234 main.o
                                0x26f (size before relaxing)
 .debug_str     0x00000234       0x67 indication.o
                                0x170 (size before relaxing)
 .debug_str     0x0000029b       0x7d HT1621.o
                                0x127 (size before relaxing)
 .debug_str     0x00000318       0xac process.o
                                0x204 (size before relaxing)

.debug_loc      0x00000000      0xe14
 *(.debug_loc)
 .debug_loc     0x00000000      0x583 main.o
 .debug_loc     0x00000583       0x7b indication.o
 .debug_loc     0x000005fe      0x226 HT1621.o
 .debug_loc     0x00000824      0x5f0 process.o

.debug_macinfo
 *(.debug_macinfo)
OUTPUT(DJ_CTRL.elf elf32-avr)
LOAD linker stubs

.debug_ranges   0x00000000      0x150
 .debug_ranges  0x00000000       0x30 main.o
 .debug_ranges  0x00000030      0x120 process.o
